hostname : dahlia
date     : 2026-04-17T00:41:40-04:00
GPU 0: NVIDIA RTX A6000 (UUID: GPU-effe3cc5-5cc9-93dc-c656-55a6aef96cc7)
cuda device: NVIDIA RTX A6000
[cfg] device=cuda  models=['logreg', 'rf', 'xgb', 'mlp', 'ftt', 'mamba_ssm_v1']  noise_levels=['low', 'med', 'high']
[cfg] mamba d_model=64 n_blocks=2 d_state=16 epochs=80

=== Noise level: low ===
  imputed NaN in 12 cols (inherited from raw extraction)
  [low] logreg done in 1.1s  window-F1=0.492  chunk-F1=0.685
  [low] rf done in 11.2s  window-F1=0.389  chunk-F1=0.430
  [low] xgb done in 8.5s  window-F1=0.408  chunk-F1=0.440
  [low] mlp done in 8.4s  window-F1=0.455  chunk-F1=0.526
  [low] ftt done in 17.1s  window-F1=0.439  chunk-F1=0.452
  [low] mamba_ssm_v1 done in 12.7s  window-F1=0.630  chunk-F1=0.652

=== Noise level: med ===
  imputed NaN in 12 cols (inherited from raw extraction)
  [med] logreg done in 0.8s  window-F1=0.414  chunk-F1=0.515
  [med] rf done in 10.9s  window-F1=0.349  chunk-F1=0.396
  [med] xgb done in 9.3s  window-F1=0.361  chunk-F1=0.398
  [med] mlp done in 8.1s  window-F1=0.387  chunk-F1=0.402
  [med] ftt done in 16.9s  window-F1=0.388  chunk-F1=0.365
  [med] mamba_ssm_v1 done in 12.2s  window-F1=0.549  chunk-F1=0.569

=== Noise level: high ===
  imputed NaN in 12 cols (inherited from raw extraction)
  [high] logreg done in 0.8s  window-F1=0.389  chunk-F1=0.449
  [high] rf done in 10.8s  window-F1=0.338  chunk-F1=0.363
  [high] xgb done in 9.4s  window-F1=0.335  chunk-F1=0.367
  [high] mlp done in 8.1s  window-F1=0.360  chunk-F1=0.378
  [high] ftt done in 17.1s  window-F1=0.372  chunk-F1=0.378
  [high] mamba_ssm_v1 done in 12.0s  window-F1=0.461  chunk-F1=0.459

Summary (window-F1 / chunk-F1):
  [low ] logreg    window=0.492  chunk=0.685
  [low ] rf        window=0.389  chunk=0.430
  [low ] xgb       window=0.408  chunk=0.440
  [low ] mlp       window=0.455  chunk=0.526
  [low ] ftt       window=0.439  chunk=0.452
  [low ] mamba_ssm_v1  window=0.630  chunk=0.652
  [med ] logreg    window=0.414  chunk=0.515
  [med ] rf        window=0.349  chunk=0.396
  [med ] xgb       window=0.361  chunk=0.398
  [med ] mlp       window=0.387  chunk=0.402
  [med ] ftt       window=0.388  chunk=0.365
  [med ] mamba_ssm_v1  window=0.549  chunk=0.569
  [high] logreg    window=0.389  chunk=0.449
  [high] rf        window=0.338  chunk=0.363
  [high] xgb       window=0.335  chunk=0.367
  [high] mlp       window=0.360  chunk=0.378
  [high] ftt       window=0.372  chunk=0.378
  [high] mamba_ssm_v1  window=0.461  chunk=0.459

Wrote metrics:    /home/shuhang/YBJ/mamba_stuff/INDENG_243_EDA/artifacts/results/synthetic_cv_metrics.csv
Wrote OOF preds:  /home/shuhang/YBJ/mamba_stuff/INDENG_243_EDA/artifacts/results/synthetic_oof_predictions.csv
Wrote importance: /home/shuhang/YBJ/mamba_stuff/INDENG_243_EDA/artifacts/results/synthetic_feature_importance.csv
Wrote CM json:    /home/shuhang/YBJ/mamba_stuff/INDENG_243_EDA/artifacts/results/synthetic_confusion_matrices.json
Wrote run log:    /home/shuhang/YBJ/mamba_stuff/INDENG_243_EDA/artifacts/results/synthetic_run_log.json
